{
  "claim_limit": "Engineering substrate only; exception before all checks completed.",
  "cli": [
    "<PERSONAL_RESEARCH_ROOT_ALIAS>/workspace/pointmap-progress-belief/implementation/preflight_e1_env.py",
    "--bddl-root",
    "<PERSONAL_RESEARCH_ROOT_ALIAS>/workspace/third_party/LIBERO/libero/libero/bddl_files/libero_90",
    "--output",
    "<PERSONAL_RESEARCH_ROOT_ALIAS>/results/pointmap-progress-belief/R100_e1_environment_trace_preflight_v1.json",
    "--height",
    "96",
    "--width",
    "96",
    "--steps",
    "4",
    "--seed",
    "20260830"
  ],
  "complete": false,
  "complete_semantics": "False means at least one registered check did not execute.",
  "error": "No module named 'libero'",
  "error_type": "ModuleNotFoundError",
  "finished_at_utc": "2026-08-30T07:49:53.739069+00:00",
  "kind": "e1_environment_trace_preflight",
  "pass": false,
  "run_id": "e1p0-ece24f1a10df455999165b8a0ce61581",
  "runtime_contract": {
    "MUJOCO_GL": "osmesa",
    "PYOPENGL_PLATFORM": "osmesa"
  },
  "schema_version": 2,
  "started_at_utc": "2026-08-30T07:49:53.738547+00:00"
}
Command exited with non-zero status 1
        Command being timed: "env MUJOCO_GL=osmesa PYOPENGL_PLATFORM=osmesa LD_LIBRARY_PATH=<PERSONAL_RESEARCH_ROOT_ALIAS>/renderer-runtime/osmesa/prefix/usr/lib/x86_64-linux-gnu:<PERSONAL_RESEARCH_ROOT_ALIAS>/renderer-runtime/osmesa/prefix/lib/x86_64-linux-gnu MESA_SHADER_CACHE_DIR=<PERSONAL_RESEARCH_ROOT_ALIAS>/renderer-runtime/osmesa/cache XDG_CACHE_HOME=<PERSONAL_RESEARCH_ROOT_ALIAS>/renderer-runtime/osmesa/cache <PERSONAL_RESEARCH_ROOT_ALIAS>/venvs/libero-eval-py310/bin/python <PERSONAL_RESEARCH_ROOT_ALIAS>/workspace/pointmap-progress-belief/implementation/preflight_e1_env.py --bddl-root <PERSONAL_RESEARCH_ROOT_ALIAS>/workspace/third_party/LIBERO/libero/libero/bddl_files/libero_90 --output <PERSONAL_RESEARCH_ROOT_ALIAS>/results/pointmap-progress-belief/R100_e1_environment_trace_preflight_v1.json --height 96 --width 96 --steps 4 --seed 20260830"
        User time (seconds): 1.27
        System time (seconds): 5.40
        Percent of CPU this job got: 3955%
        Elapsed (wall clock) time (h:mm:ss or m:ss): 0:00.16
        Average shared text size (kbytes): 0
        Average unshared data size (kbytes): 0
        Average stack size (kbytes): 0
        Average total size (kbytes): 0
        Maximum resident set size (kbytes): 36572
        Average resident set size (kbytes): 0
        Major (requiring I/O) page faults: 0
        Minor (reclaiming a frame) page faults: 5473
        Voluntary context switches: 110
        Involuntary context switches: 86
        Swaps: 0
        File system inputs: 0
        File system outputs: 8
        Socket messages sent: 0
        Socket messages received: 0
        Signals delivered: 0
        Page size (bytes): 4096
        Exit status: 1
