  [skip] openreview: missing env vars: OPENREVIEW_USER, OPENREVIEW_PASS

!!!!!!!!!!!!!!!!!!!!!!!!!!!!!!!!!!!!!!!!!!!!!!!!!!!!!!!!!!!!!!!!!!!!!!
  ⚠️  Phase 3.1 collision: CONNECTORS DEGRADED — ran 3/4.
       used:    arxiv, openalex, semanticscholar
       SKIPPED: openreview
       Retrieval/collision coverage is WEAKER than a full run.
       Common cause: the connector package is not importable in THIS
       process (e.g. a background/non-login shell that dropped the
       pip --user site-packages). Re-run `check_connectors` in the SAME
       shell you launch phases from, or install into the active env.
!!!!!!!!!!!!!!!!!!!!!!!!!!!!!!!!!!!!!!!!!!!!!!!!!!!!!!!!!!!!!!!!!!!!!!
  arxiv 'residual-linear flow velocity correction' failed: <urlopen error [SSL: UNEXPECTED_EOF_WHILE_READING] EOF occurred in violation of protocol (_ssl.c:1010)>
    arxiv 'candidate support predicate WAM' failed: <urlopen error [SSL: UNEXPECTED_EOF_WHILE_READING] EOF occurred in violation of protocol (_ssl.c:1010)>
    arxiv 'non-bypassable executed residual transport' failed: <urlopen error [SSL: UNEXPECTED_EOF_WHILE_READING] EOF occurred in violation of protocol (_ssl.c:1010)>
    arxiv 'rollback-calibrated contact support' failed: <urlopen error [SSL: UNEXPECTED_EOF_WHILE_READING] EOF occurred in violation of protocol (_ssl.c:1010)>
    arxiv: 0 in-window across 4 queries -> 0 kept (round-robin)
  wrote <LOCAL_PROJECT_ROOT>\ideaspark_run\counterfactual-residual-transport\phase3_collision\arxiv_collision.json with 0 unique papers
  openalex: 99 BM25 hits across 4 queries -> 95 kept (round-robin)
  wrote <LOCAL_PROJECT_ROOT>\ideaspark_run\counterfactual-residual-transport\phase3_collision\openalex_collision.json with 95 unique papers
  semanticscholar 'residual-linear flow velocity correction' failed: HTTP Error 429: 
    semanticscholar 'candidate support predicate WAM' failed: HTTP Error 429: 
    semanticscholar 'non-bypassable executed residual transport' failed: HTTP Error 429: 
    semanticscholar 'rollback-calibrated contact support' failed: HTTP Error 429: 
    semanticscholar: 0 hits across 4 queries -> 0 kept (round-robin)
  wrote <LOCAL_PROJECT_ROOT>\ideaspark_run\counterfactual-residual-transport\phase3_collision\semanticscholar_collision.json with 0 unique papers
  arxiv 'varying-coefficient treatment response' failed: <urlopen error [SSL: UNEXPECTED_EOF_WHILE_READING] EOF occurred in violation of protocol (_ssl.c:1010)>
    arxiv 'zero-intercept conditional operator' failed: <urlopen error [SSL: UNEXPECTED_EOF_WHILE_READING] EOF occurred in violation of protocol (_ssl.c:1010)>
    arxiv 'conformal overlap restriction' failed: <urlopen error [SSL: UNEXPECTED_EOF_WHILE_READING] EOF occurred in violation of protocol (_ssl.c:1010)>
    arxiv 'effect-modification vector field' failed: <urlopen error [SSL: UNEXPECTED_EOF_WHILE_READING] EOF occurred in violation of protocol (_ssl.c:1010)>
    arxiv: 0 in-window across 4 queries -> 0 kept (round-robin)
  wrote <LOCAL_PROJECT_ROOT>\ideaspark_run\counterfactual-residual-transport\phase3_collision\arxiv_alias_collision.json with 0 unique papers
  openalex: 100 BM25 hits across 4 queries -> 98 kept (round-robin)
  wrote <LOCAL_PROJECT_ROOT>\ideaspark_run\counterfactual-residual-transport\phase3_collision\openalex_alias_collision.json with 98 unique papers
  semanticscholar 'zero-intercept conditional operator' failed: HTTP Error 429: 
    semanticscholar 'conformal overlap restriction' failed: HTTP Error 429: 
    semanticscholar: 100 hits across 4 queries -> 99 kept (round-robin)
  wrote <LOCAL_PROJECT_ROOT>\ideaspark_run\counterfactual-residual-transport\phase3_collision\semanticscholar_alias_collision.json with 99 unique papers
  channels: signature=95 hits (10mo), alias=+196 unique hits (48mo)
  truncation[signature]: kept 66/95 (dropped 29 zero-relevance + 0 below adaptive floor + 0 over cap 120; min kept score 1)
  truncation[alias]: kept 119/196 (dropped 6 zero-relevance + 71 below adaptive floor + 0 over cap 120; min kept score 3)
