  [skip] openreview: missing env vars: OPENREVIEW_USER, OPENREVIEW_PASS

!!!!!!!!!!!!!!!!!!!!!!!!!!!!!!!!!!!!!!!!!!!!!!!!!!!!!!!!!!!!!!!!!!!!!!
  ⚠️  Phase 3.1 collision: CONNECTORS DEGRADED — ran 3/4.
       used:    arxiv, openalex, semanticscholar
       SKIPPED: openreview
       Retrieval/collision coverage is WEAKER than a full run.
       Common cause: the connector package is not importable in THIS
       process (e.g. a background/non-login shell that dropped the
       pip --user site-packages). Re-run `check_connectors` in the SAME
       shell you launch phases from, or install into the active env.
!!!!!!!!!!!!!!!!!!!!!!!!!!!!!!!!!!!!!!!!!!!!!!!!!!!!!!!!!!!!!!!!!!!!!!
  arxiv 'residual completion ambiguity atlas' failed: <urlopen error [SSL: UNEXPECTED_EOF_WHILE_READING] EOF occurred in violation of protocol (_ssl.c:1010)>
    arxiv 'coupling robust current suffix selection' failed: <urlopen error [SSL: UNEXPECTED_EOF_WHILE_READING] EOF occurred in violation of protocol (_ssl.c:1010)>
    arxiv 'factual branch shared coefficient' failed: <urlopen error [SSL: UNEXPECTED_EOF_WHILE_READING] EOF occurred in violation of protocol (_ssl.c:1010)>
    arxiv 'partially identified WAM correction' failed: <urlopen error [SSL: UNEXPECTED_EOF_WHILE_READING] EOF occurred in violation of protocol (_ssl.c:1010)>
    arxiv: 0 in-window across 4 queries -> 0 kept (round-robin)
  wrote <LOCAL_PROJECT_ROOT>\ideaspark_run\counterfactual-residual-transport\phase3_collision\arxiv_collision.json with 0 unique papers
  openalex: 100 BM25 hits across 4 queries -> 97 kept (round-robin)
  wrote <LOCAL_PROJECT_ROOT>\ideaspark_run\counterfactual-residual-transport\phase3_collision\openalex_collision.json with 97 unique papers
  semanticscholar 'residual completion ambiguity atlas' failed: HTTP Error 429: 
    semanticscholar 'coupling robust current suffix selection' failed: HTTP Error 429: 
    semanticscholar 'partially identified WAM correction' failed: HTTP Error 429: 
    semanticscholar: 50 hits across 4 queries -> 50 kept (round-robin)
  wrote <LOCAL_PROJECT_ROOT>\ideaspark_run\counterfactual-residual-transport\phase3_collision\semanticscholar_collision.json with 50 unique papers
  arxiv 'set membership robust control' failed: <urlopen error [SSL: UNEXPECTED_EOF_WHILE_READING] EOF occurred in violation of protocol (_ssl.c:1010)>
    arxiv 'partial identification treatment choice' failed: <urlopen error [SSL: UNEXPECTED_EOF_WHILE_READING] EOF occurred in violation of protocol (_ssl.c:1010)>
    arxiv 'distributionally robust policy selection' failed: <urlopen error [SSL: UNEXPECTED_EOF_WHILE_READING] EOF occurred in violation of protocol (_ssl.c:1010)>
    arxiv 'coupled dictionary uncertainty set' failed: <urlopen error [SSL: UNEXPECTED_EOF_WHILE_READING] EOF occurred in violation of protocol (_ssl.c:1010)>
    arxiv: 0 in-window across 4 queries -> 0 kept (round-robin)
  wrote <LOCAL_PROJECT_ROOT>\ideaspark_run\counterfactual-residual-transport\phase3_collision\arxiv_alias_collision.json with 0 unique papers
  openalex: 100 BM25 hits across 4 queries -> 99 kept (round-robin)
  wrote <LOCAL_PROJECT_ROOT>\ideaspark_run\counterfactual-residual-transport\phase3_collision\openalex_alias_collision.json with 99 unique papers
  semanticscholar 'set membership robust control' failed: HTTP Error 429: 
    semanticscholar 'partial identification treatment choice' failed: HTTP Error 429: 
    semanticscholar 'distributionally robust policy selection' failed: HTTP Error 429: 
    semanticscholar 'coupled dictionary uncertainty set' failed: HTTP Error 429: 
    semanticscholar: 0 hits across 4 queries -> 0 kept (round-robin)
  wrote <LOCAL_PROJECT_ROOT>\ideaspark_run\counterfactual-residual-transport\phase3_collision\semanticscholar_alias_collision.json with 0 unique papers
  channels: signature=147 hits (10mo), alias=+99 unique hits (48mo)
  truncation[signature]: kept 120/147 (dropped 19 zero-relevance + 0 below adaptive floor + 8 over cap 120; min kept score 1)
  truncation[alias]: kept 93/99 (dropped 6 zero-relevance + 0 below adaptive floor + 0 over cap 120; min kept score 1)
