{"accuracy": 0.9305555555555556, "achieved_false_retraction_rate": 0.0, "best_epoch": 13, "best_val_macro_f1": 0.8857142857142857, "brier": 0.1013597771525383, "decision_error": 0.06944444444444445, "ece": 0.06541172828939223, "epochs": 23, "false_retraction_rate": 0.0, "feature_normalization": "fixed_domain_scale_no_family_fit", "fold": 0, "head_forward_latency_ms_per_sample": 0.42285030242055655, "invalidation_miss_rate_at_frr5": 0.25, "invalidation_recall": 0.5833333333333334, "invalidation_recall_at_frr5": 0.75, "macro_f1": 0.8684409436289134, "modality": "pointmap", "parameters": 32963, "retract_threshold_from_validation": 0.18434888124465942, "seed": 17, "test_samples": 72, "test_task_family": 0, "train_samples": 216, "train_seconds": 0.8419914245605469, "train_task_families": [2, 3, 4], "unobservable_reobserve_recall": 1.0, "val_samples": 72, "val_task_family": 1, "validation_achieved_false_retraction_rate": 0.05, "validation_invalidation_recall_at_frr5": 1.0}
{"accuracy": 0.9444444444444444, "achieved_false_retraction_rate": 0.0, "best_epoch": 14, "best_val_macro_f1": 0.8857142857142857, "brier": 0.09616011381149292, "decision_error": 0.05555555555555555, "ece": 0.06224610077010259, "epochs": 24, "false_retraction_rate": 0.0, "feature_normalization": "fixed_domain_scale_no_family_fit", "fold": 0, "head_forward_latency_ms_per_sample": 0.3699365211650729, "invalidation_miss_rate_at_frr5": 0.25, "invalidation_recall": 0.6666666666666666, "invalidation_recall_at_frr5": 0.75, "macro_f1": 0.8928598701794579, "modality": "pointmap", "parameters": 32963, "retract_threshold_from_validation": 0.14126171171665192, "seed": 29, "test_samples": 72, "test_task_family": 0, "train_samples": 216, "train_seconds": 0.6654882431030273, "train_task_families": [2, 3, 4], "unobservable_reobserve_recall": 1.0, "val_samples": 72, "val_task_family": 1, "validation_achieved_false_retraction_rate": 0.05, "validation_invalidation_recall_at_frr5": 1.0}
{"accuracy": 0.9305555555555556, "achieved_false_retraction_rate": 0.0, "best_epoch": 28, "best_val_macro_f1": 1.0, "brier": 0.09352441132068634, "decision_error": 0.06944444444444445, "ece": 0.026044663455751217, "epochs": 38, "false_retraction_rate": 0.0, "feature_normalization": "fixed_domain_scale_no_family_fit", "fold": 0, "head_forward_latency_ms_per_sample": 0.38851879071444273, "invalidation_miss_rate_at_frr5": 0.16666666666666663, "invalidation_recall": 0.5833333333333334, "invalidation_recall_at_frr5": 0.8333333333333334, "macro_f1": 0.8684409436289134, "modality": "pointmap", "parameters": 32963, "retract_threshold_from_validation": 0.19534623622894287, "seed": 43, "test_samples": 72, "test_task_family": 0, "train_samples": 216, "train_seconds": 1.0005524158477783, "train_task_families": [2, 3, 4], "unobservable_reobserve_recall": 1.0, "val_samples": 72, "val_task_family": 1, "validation_achieved_false_retraction_rate": 0.05, "validation_invalidation_recall_at_frr5": 1.0}
{"accuracy": 0.9444444444444444, "achieved_false_retraction_rate": 0.05, "best_epoch": 13, "best_val_macro_f1": 0.9012531328320802, "brier": 0.08843155205249786, "decision_error": 0.05555555555555555, "ece": 0.10288604597250621, "epochs": 23, "false_retraction_rate": 0.0, "feature_normalization": "fixed_domain_scale_no_family_fit", "fold": 1, "head_forward_latency_ms_per_sample": 0.3760640090331435, "invalidation_miss_rate_at_frr5": 0.0, "invalidation_recall": 0.6666666666666666, "invalidation_recall_at_frr5": 1.0, "macro_f1": 0.8857142857142857, "modality": "pointmap", "parameters": 32963, "retract_threshold_from_validation": 0.13903003931045532, "seed": 17, "test_samples": 72, "test_task_family": 1, "train_samples": 216, "train_seconds": 0.6272218227386475, "train_task_families": [0, 3, 4], "unobservable_reobserve_recall": 1.0, "val_samples": 72, "val_task_family": 2, "validation_achieved_false_retraction_rate": 0.05, "validation_invalidation_recall_at_frr5": 0.9166666666666666}
{"accuracy": 0.9444444444444444, "achieved_false_retraction_rate": 0.0, "best_epoch": 13, "best_val_macro_f1": 0.9012531328320802, "brier": 0.10028750449419022, "decision_error": 0.05555555555555555, "ece": 0.05952402204275131, "epochs": 23, "false_retraction_rate": 0.0, "feature_normalization": "fixed_domain_scale_no_family_fit", "fold": 1, "head_forward_latency_ms_per_sample": 0.38948590867221355, "invalidation_miss_rate_at_frr5": 0.33333333333333337, "invalidation_recall": 0.6666666666666666, "invalidation_recall_at_frr5": 0.6666666666666666, "macro_f1": 0.8857142857142857, "modality": "pointmap", "parameters": 32963, "retract_threshold_from_validation": 0.16291624307632446, "seed": 29, "test_samples": 72, "test_task_family": 1, "train_samples": 216, "train_seconds": 0.6154327392578125, "train_task_families": [0, 3, 4], "unobservable_reobserve_recall": 1.0, "val_samples": 72, "val_task_family": 2, "validation_achieved_false_retraction_rate": 0.05, "validation_invalidation_recall_at_frr5": 0.75}
{"accuracy": 0.9444444444444444, "achieved_false_retraction_rate": 0.03333333333333333, "best_epoch": 12, "best_val_macro_f1": 0.9012531328320802, "brier": 0.12169364094734192, "decision_error": 0.05555555555555555, "ece": 0.0790425199601385, "epochs": 22, "false_retraction_rate": 0.0, "feature_normalization": "fixed_domain_scale_no_family_fit", "fold": 1, "head_forward_latency_ms_per_sample": 0.420005489140749, "invalidation_miss_rate_at_frr5": 0.33333333333333337, "invalidation_recall": 0.6666666666666666, "invalidation_recall_at_frr5": 0.6666666666666666, "macro_f1": 0.8857142857142857, "modality": "pointmap", "parameters": 32963, "retract_threshold_from_validation": 0.19648325443267822, "seed": 43, "test_samples": 72, "test_task_family": 1, "train_samples": 216, "train_seconds": 0.5907351970672607, "train_task_families": [0, 3, 4], "unobservable_reobserve_recall": 1.0, "val_samples": 72, "val_task_family": 2, "validation_achieved_false_retraction_rate": 0.05, "validation_invalidation_recall_at_frr5": 0.75}
{"accuracy": 0.8888888888888888, "achieved_false_retraction_rate": 0.05, "best_epoch": 11, "best_val_macro_f1": 1.0, "brier": 0.14031179249286652, "decision_error": 0.1111111111111111, "ece": 0.07368064920107524, "epochs": 21, "false_retraction_rate": 0.0, "feature_normalization": "fixed_domain_scale_no_family_fit", "fold": 2, "head_forward_latency_ms_per_sample": 0.4076918959617615, "invalidation_miss_rate_at_frr5": 0.0, "invalidation_recall": 0.4166666666666667, "invalidation_recall_at_frr5": 1.0, "macro_f1": 0.7982910335851513, "modality": "pointmap", "parameters": 32963, "retract_threshold_from_validation": 0.1685582548379898, "seed": 17, "test_samples": 72, "test_task_family": 2, "train_samples": 216, "train_seconds": 0.6929724216461182, "train_task_families": [0, 1, 4], "unobservable_reobserve_recall": 1.0, "val_samples": 72, "val_task_family": 3, "validation_achieved_false_retraction_rate": 0.05, "validation_invalidation_recall_at_frr5": 1.0}
{"accuracy": 0.875, "achieved_false_retraction_rate": 0.03333333333333333, "best_epoch": 11, "best_val_macro_f1": 1.0, "brier": 0.15405723452568054, "decision_error": 0.125, "ece": 0.12294638901948929, "epochs": 21, "false_retraction_rate": 0.0, "feature_normalization": "fixed_domain_scale_no_family_fit", "fold": 2, "head_forward_latency_ms_per_sample": 0.379314161837101, "invalidation_miss_rate_at_frr5": 0.16666666666666663, "invalidation_recall": 0.3333333333333333, "invalidation_recall_at_frr5": 0.8333333333333334, "macro_f1": 0.7657142857142857, "modality": "pointmap", "parameters": 32963, "retract_threshold_from_validation": 0.18373751640319824, "seed": 29, "test_samples": 72, "test_task_family": 2, "train_samples": 216, "train_seconds": 0.5700197219848633, "train_task_families": [0, 1, 4], "unobservable_reobserve_recall": 1.0, "val_samples": 72, "val_task_family": 3, "validation_achieved_false_retraction_rate": 0.05, "validation_invalidation_recall_at_frr5": 1.0}
{"accuracy": 0.9444444444444444, "achieved_false_retraction_rate": 0.05, "best_epoch": 13, "best_val_macro_f1": 1.0, "brier": 0.1073489859700203, "decision_error": 0.05555555555555555, "ece": 0.0719738801320394, "epochs": 23, "false_retraction_rate": 0.0, "feature_normalization": "fixed_domain_scale_no_family_fit", "fold": 2, "head_forward_latency_ms_per_sample": 0.44838210102170706, "invalidation_miss_rate_at_frr5": 0.0, "invalidation_recall": 0.75, "invalidation_recall_at_frr5": 1.0, "macro_f1": 0.9012531328320802, "modality": "pointmap", "parameters": 32963, "retract_threshold_from_validation": 0.1928018480539322, "seed": 43, "test_samples": 72, "test_task_family": 2, "train_samples": 216, "train_seconds": 0.6314892768859863, "train_task_families": [0, 1, 4], "unobservable_reobserve_recall": 1.0, "val_samples": 72, "val_task_family": 3, "validation_achieved_false_retraction_rate": 0.05, "validation_invalidation_recall_at_frr5": 1.0}
{"accuracy": 1.0, "achieved_false_retraction_rate": 0.0, "best_epoch": 36, "best_val_macro_f1": 1.0, "brier": 0.01205502264201641, "decision_error": 0.0, "ece": 0.04037211669815911, "epochs": 46, "false_retraction_rate": 0.0, "feature_normalization": "fixed_domain_scale_no_family_fit", "fold": 3, "head_forward_latency_ms_per_sample": 0.3773581376299262, "invalidation_miss_rate_at_frr5": 0.0, "invalidation_recall": 1.0, "invalidation_recall_at_frr5": 1.0, "macro_f1": 1.0, "modality": "pointmap", "parameters": 32963, "retract_threshold_from_validation": 0.5045806765556335, "seed": 17, "test_samples": 72, "test_task_family": 3, "train_samples": 216, "train_seconds": 1.185133457183838, "train_task_families": [0, 1, 2], "unobservable_reobserve_recall": 1.0, "val_samples": 72, "val_task_family": 4, "validation_achieved_false_retraction_rate": 0.0, "validation_invalidation_recall_at_frr5": 1.0}
{"accuracy": 1.0, "achieved_false_retraction_rate": 0.11666666666666667, "best_epoch": 15, "best_val_macro_f1": 0.9440559440559442, "brier": 0.037350792437791824, "decision_error": 0.0, "ece": 0.08718106481764053, "epochs": 25, "false_retraction_rate": 0.0, "feature_normalization": "fixed_domain_scale_no_family_fit", "fold": 3, "head_forward_latency_ms_per_sample": 0.3867707680910826, "invalidation_miss_rate_at_frr5": 0.0, "invalidation_recall": 1.0, "invalidation_recall_at_frr5": 1.0, "macro_f1": 1.0, "modality": "pointmap", "parameters": 32963, "retract_threshold_from_validation": 0.2562757134437561, "seed": 29, "test_samples": 72, "test_task_family": 3, "train_samples": 216, "train_seconds": 0.6586673259735107, "train_task_families": [0, 1, 2], "unobservable_reobserve_recall": 1.0, "val_samples": 72, "val_task_family": 4, "validation_achieved_false_retraction_rate": 0.03333333333333333, "validation_invalidation_recall_at_frr5": 1.0}
{"accuracy": 0.9861111111111112, "achieved_false_retraction_rate": 0.1, "best_epoch": 13, "best_val_macro_f1": 0.9440559440559442, "brier": 0.05772558972239494, "decision_error": 0.013888888888888888, "ece": 0.11590728867385122, "epochs": 23, "false_retraction_rate": 0.0, "feature_normalization": "fixed_domain_scale_no_family_fit", "fold": 3, "head_forward_latency_ms_per_sample": 0.37602338939905167, "invalidation_miss_rate_at_frr5": 0.0, "invalidation_recall": 0.9166666666666666, "invalidation_recall_at_frr5": 1.0, "macro_f1": 0.982070820259973, "modality": "pointmap", "parameters": 32963, "retract_threshold_from_validation": 0.21758033335208893, "seed": 43, "test_samples": 72, "test_task_family": 3, "train_samples": 216, "train_seconds": 0.6029012203216553, "train_task_families": [0, 1, 2], "unobservable_reobserve_recall": 1.0, "val_samples": 72, "val_task_family": 4, "validation_achieved_false_retraction_rate": 0.03333333333333333, "validation_invalidation_recall_at_frr5": 1.0}
{"accuracy": 0.9444444444444444, "achieved_false_retraction_rate": 0.0, "best_epoch": 12, "best_val_macro_f1": 0.9153439153439153, "brier": 0.09249842166900635, "decision_error": 0.05555555555555555, "ece": 0.04881384761797058, "epochs": 22, "false_retraction_rate": 0.0, "feature_normalization": "fixed_domain_scale_no_family_fit", "fold": 4, "head_forward_latency_ms_per_sample": 0.3784137312322855, "invalidation_miss_rate_at_frr5": 0.16666666666666663, "invalidation_recall": 0.6666666666666666, "invalidation_recall_at_frr5": 0.8333333333333334, "macro_f1": 0.9008895866038724, "modality": "pointmap", "parameters": 32963, "retract_threshold_from_validation": 0.12581636011600494, "seed": 17, "test_samples": 72, "test_task_family": 4, "train_samples": 216, "train_seconds": 0.5893285274505615, "train_task_families": [1, 2, 3], "unobservable_reobserve_recall": 1.0, "val_samples": 72, "val_task_family": 0, "validation_achieved_false_retraction_rate": 0.03333333333333333, "validation_invalidation_recall_at_frr5": 1.0}
{"accuracy": 0.9583333333333334, "achieved_false_retraction_rate": 0.2, "best_epoch": 12, "best_val_macro_f1": 0.9153439153439153, "brier": 0.08385737985372543, "decision_error": 0.041666666666666664, "ece": 0.05662039915720621, "epochs": 22, "false_retraction_rate": 0.0, "feature_normalization": "fixed_domain_scale_no_family_fit", "fold": 4, "head_forward_latency_ms_per_sample": 0.37961019668728113, "invalidation_miss_rate_at_frr5": 0.0, "invalidation_recall": 0.75, "invalidation_recall_at_frr5": 1.0, "macro_f1": 0.9233035006230882, "modality": "pointmap", "parameters": 32963, "retract_threshold_from_validation": 0.1264995038509369, "seed": 29, "test_samples": 72, "test_task_family": 4, "train_samples": 216, "train_seconds": 0.5732326507568359, "train_task_families": [1, 2, 3], "unobservable_reobserve_recall": 1.0, "val_samples": 72, "val_task_family": 0, "validation_achieved_false_retraction_rate": 0.0, "validation_invalidation_recall_at_frr5": 1.0}
{"accuracy": 0.9722222222222222, "achieved_false_retraction_rate": 0.0, "best_epoch": 18, "best_val_macro_f1": 0.9153439153439153, "brier": 0.048357412219047546, "decision_error": 0.027777777777777776, "ece": 0.044033811324172556, "epochs": 28, "false_retraction_rate": 0.0, "feature_normalization": "fixed_domain_scale_no_family_fit", "fold": 4, "head_forward_latency_ms_per_sample": 0.5451539112254977, "invalidation_miss_rate_at_frr5": 0.16666666666666663, "invalidation_recall": 0.8333333333333334, "invalidation_recall_at_frr5": 0.8333333333333334, "macro_f1": 0.9440559440559442, "modality": "pointmap", "parameters": 32963, "retract_threshold_from_validation": 0.15698957443237305, "seed": 43, "test_samples": 72, "test_task_family": 4, "train_samples": 216, "train_seconds": 0.7333390712738037, "train_task_families": [1, 2, 3], "unobservable_reobserve_recall": 1.0, "val_samples": 72, "val_task_family": 0, "validation_achieved_false_retraction_rate": 0.0, "validation_invalidation_recall_at_frr5": 1.0}
{
  "output": "<PERSONAL_RESEARCH_ROOT_ALIAS>/results/pointmap-progress-belief/R022_pointmap_invariant_v3.json",
  "runs": 15,
  "summary": {
    "pointmap": {
      "runs": 15,
      "task_family_clusters": 5,
      "fold_values": {
        "accuracy": [
          0.9351851851851851,
          0.9444444444444443,
          0.9027777777777777,
          0.9953703703703703,
          0.9583333333333334
        ],
        "macro_f1": [
          0.8765805858124281,
          0.8857142857142857,
          0.8217528173771723,
          0.9940236067533244,
          0.9227496770943016
        ],
        "invalidation_recall": [
          0.6111111111111112,
          0.6666666666666666,
          0.5,
          0.9722222222222222,
          0.75
        ],
        "false_retraction_rate": [
          0.0,
          0.0,
          0.0,
          0.0,
          0.0
        ],
        "unobservable_reobserve_recall": [
          1.0,
          1.0,
          1.0,
          1.0,
          1.0
        ],
        "decision_error": [
          0.06481481481481481,
          0.05555555555555555,
          0.09722222222222221,
          0.004629629629629629,
          0.041666666666666664
        ],
        "brier": [
          0.09701476742823918,
          0.10347089916467667,
          0.13390600432952246,
          0.03571046826740106,
          0.07490440458059311
        ],
        "ece": [
          0.051234164171748676,
          0.08048419599179868,
          0.08953363945086797,
          0.08115349006321695,
          0.04982268603311645
        ],
        "head_forward_latency_ms_per_sample": [
          0.39376853810002405,
          0.39518513561536867,
          0.41179605294018984,
          0.38005076504002017,
          0.4343926130483548
        ],
        "parameters": [
          32963.0,
          32963.0,
          32963.0,
          32963.0,
          32963.0
        ],
        "invalidation_recall_at_frr5": [
          0.7777777777777778,
          0.7777777777777777,
          0.9444444444444445,
          1.0,
          0.888888888888889
        ],
        "invalidation_miss_rate_at_frr5": [
          0.2222222222222222,
          0.22222222222222224,
          0.055555555555555546,
          0.0,
          0.11111111111111109
        ],
        "achieved_false_retraction_rate": [
          0.0,
          0.02777777777777778,
          0.04444444444444445,
          0.07222222222222223,
          0.06666666666666667
        ]
      },
      "accuracy_mean": 0.9472222222222222,
      "accuracy_task_cluster_bootstrap_ci95": [
        0.9212962962962962,
        0.975
      ],
      "macro_f1_mean": 0.9001641945503025,
      "macro_f1_task_cluster_bootstrap_ci95": [
        0.8546494784383258,
        0.9512592489579106
      ],
      "invalidation_recall_mean": 0.7,
      "invalidation_recall_task_cluster_bootstrap_ci95": [
        0.5722222222222222,
        0.85
      ],
      "false_retraction_rate_mean": 0.0,
      "false_retraction_rate_task_cluster_bootstrap_ci95": [
        0.0,
        0.0
      ],
      "unobservable_reobserve_recall_mean": 1.0,
      "unobservable_reobserve_recall_task_cluster_bootstrap_ci95": [
        1.0,
        1.0
      ],
      "decision_error_mean": 0.05277777777777777,
      "decision_error_task_cluster_bootstrap_ci95": [
        0.025,
        0.07870370370370369
      ],
      "brier_mean": 0.08900130875408649,
      "brier_task_cluster_bootstrap_ci95": [
        0.059226830055316294,
        0.11601866334676743
      ],
      "ece_mean": 0.07044563514214974,
      "ece_task_cluster_bootstrap_ci95": [
        0.056371142466863,
        0.08437169100399369
      ],
      "head_forward_latency_ms_per_sample_mean": 0.4030386209487915,
      "head_forward_latency_ms_per_sample_task_cluster_bootstrap_ci95": [
        0.3885647483790914,
        0.42083467698345584
      ],
      "parameters_mean": 32963.0,
      "parameters_task_cluster_bootstrap_ci95": [
        32963.0,
        32963.0
      ],
      "invalidation_recall_at_frr5_mean": 0.8777777777777779,
      "invalidation_recall_at_frr5_task_cluster_bootstrap_ci95": [
        0.7999999999999999,
        0.9555555555555555
      ],
      "invalidation_miss_rate_at_frr5_mean": 0.1222222222222222,
      "invalidation_miss_rate_at_frr5_task_cluster_bootstrap_ci95": [
        0.04444444444444444,
        0.19999999999999998
      ],
      "achieved_false_retraction_rate_mean": 0.04222222222222223,
      "achieved_false_retraction_rate_task_cluster_bootstrap_ci95": [
        0.01888888888888889,
        0.06444444444444444
      ]
    }
  }
}
        Command being timed: "env CUBLAS_WORKSPACE_CONFIG=:4096:8 CUDA_VISIBLE_DEVICES=2 <PERSONAL_RESEARCH_ROOT_ALIAS>/workspace/openpi/.venv/bin/python <PERSONAL_RESEARCH_ROOT_ALIAS>/workspace/pointmap-progress-belief/implementation/train_representation_pilot.py --dataset <PERSONAL_RESEARCH_ROOT_ALIAS>/data/pointmap-progress-belief/e0_full_unique_families_v1.npz --manifest <PERSONAL_RESEARCH_ROOT_ALIAS>/data/pointmap-progress-belief/e0_full_unique_families_v1.manifest.json --audit <PERSONAL_RESEARCH_ROOT_ALIAS>/results/pointmap-progress-belief/R011_e0_full_unique_families_v1_audit.json --output <PERSONAL_RESEARCH_ROOT_ALIAS>/results/pointmap-progress-belief/R022_pointmap_invariant_v3.json --modalities pointmap --device cuda"
        User time (seconds): 13.99
        System time (seconds): 6.10
        Percent of CPU this job got: 131%
        Elapsed (wall clock) time (h:mm:ss or m:ss): 0:15.25
        Average shared text size (kbytes): 0
        Average unshared data size (kbytes): 0
        Average stack size (kbytes): 0
        Average total size (kbytes): 0
        Maximum resident set size (kbytes): 1074836
        Average resident set size (kbytes): 0
        Major (requiring I/O) page faults: 0
        Minor (reclaiming a frame) page faults: 336347
        Voluntary context switches: 6000
        Involuntary context switches: 1509
        Swaps: 0
        File system inputs: 0
        File system outputs: 1696
        Socket messages sent: 0
        Socket messages received: 0
        Signals delivered: 0
        Page size (bytes): 4096
        Exit status: 0
