<PERSONAL_RESEARCH_ROOT_ALIAS>/workspace/openpi/.venv/bin/python: can't open file '<REMOTE_HOME>/probe_e0_invariant.py': [Errno 2] No such file or directory
Command exited with non-zero status 2
	Command being timed: "<PERSONAL_RESEARCH_ROOT_ALIAS>/workspace/openpi/.venv/bin/python probe_e0_invariant.py --dataset <PERSONAL_RESEARCH_ROOT_ALIAS>/data/pointmap-progress-belief/e0_full_unique_families_v1.npz --manifest <PERSONAL_RESEARCH_ROOT_ALIAS>/data/pointmap-progress-belief/e0_full_unique_families_v1.manifest.json --audit <PERSONAL_RESEARCH_ROOT_ALIAS>/results/pointmap-progress-belief/R011_e0_full_unique_families_v1_audit.json --output <PERSONAL_RESEARCH_ROOT_ALIAS>/results/pointmap-progress-belief/R025_e0_invariant_probe_v3.json"
	User time (seconds): 0.00
	System time (seconds): 0.00
	Percent of CPU this job got: 93%
	Elapsed (wall clock) time (h:mm:ss or m:ss): 0:00.01
	Average shared text size (kbytes): 0
	Average unshared data size (kbytes): 0
	Average stack size (kbytes): 0
	Average total size (kbytes): 0
	Maximum resident set size (kbytes): 9356
	Average resident set size (kbytes): 0
	Major (requiring I/O) page faults: 0
	Minor (reclaiming a frame) page faults: 1033
	Voluntary context switches: 1
	Involuntary context switches: 0
	Swaps: 0
	File system inputs: 0
	File system outputs: 8
	Socket messages sent: 0
	Socket messages received: 0
	Signals delivered: 0
	Page size (bytes): 4096
	Exit status: 2
